[1/2] STEP 1/6: FROM quay.io/centos/centos:stream10 AS builder
[1/2] STEP 2/6: RUN dnf -y --nogpgcheck install rpm-ostree selinux-policy-targeted
--> Using cache 96b1bade0dc0a6be231e8c3b6e7317200bfb1a7bd34b3ef7195339687543d1ab
--> 96b1bade0dc0
[1/2] STEP 3/6: ARG MANIFEST=bluefin
--> Using cache f6106941ea6243ad3753ef6cdd702db742df83da4f2f9b8568c48a6afbd6c2eb
--> f6106941ea62
[1/2] STEP 4/6: COPY . /src
--> a32f0b7c5f70
[1/2] STEP 5/6: WORKDIR /src
--> a610d8b912d9
[1/2] STEP 6/6: RUN --mount=type=cache,target=/workdir       /src/build.sh
+ ./preflight.sh
git submodules check OK
+ cp /src/copr-c10s-gnome.repo /src/copr-nerd-fonts.repo /src/copr-ublue-os-packages.repo /src/copr-ublue-os-staging.repo /src/cs-source.repo /src/cs.repo /src/epel-multimedia.repo /src/epel.repo /src/tailscale.repo /etc/yum.repos.d/
+ cp /src/RPM-GPG-KEY-EPEL-10 /etc/pki/rpm-gpg/
+ ./install-manifests
+ manifestdir=/usr/share/doc/bootc-base-imagectl/manifests
+ cd fedora-bootc
+ ./install-manifests /usr/share/doc/bootc-base-imagectl/manifests
+ manifestdir=/usr/share/doc/bootc-base-imagectl/manifests
+ mkdir -p /usr/share/doc/bootc-base-imagectl/manifests/
+ for image in minimal standard minimal-plus iot
+ cp -a minimal /usr/share/doc/bootc-base-imagectl/manifests/
+ '[' -f minimal.hidden.yaml ']'
+ cp -a minimal.yaml /usr/share/doc/bootc-base-imagectl/manifests/
+ cp -a fedora-minimal.yaml /usr/share/doc/bootc-base-imagectl/manifests/
+ for image in minimal standard minimal-plus iot
+ cp -a standard /usr/share/doc/bootc-base-imagectl/manifests/
+ '[' -f standard.hidden.yaml ']'
+ cp -a standard.yaml /usr/share/doc/bootc-base-imagectl/manifests/
+ cp -a fedora-standard.yaml /usr/share/doc/bootc-base-imagectl/manifests/
+ for image in minimal standard minimal-plus iot
+ cp -a minimal-plus /usr/share/doc/bootc-base-imagectl/manifests/
+ '[' -f minimal-plus.hidden.yaml ']'
+ cp -a minimal-plus.hidden.yaml /usr/share/doc/bootc-base-imagectl/manifests/
+ cp -a fedora-minimal-plus.yaml /usr/share/doc/bootc-base-imagectl/manifests/
+ for image in minimal standard minimal-plus iot
+ cp -a iot /usr/share/doc/bootc-base-imagectl/manifests/
+ '[' -f iot.hidden.yaml ']'
+ cp -a iot.yaml /usr/share/doc/bootc-base-imagectl/manifests/
+ cp -a fedora-iot.yaml /usr/share/doc/bootc-base-imagectl/manifests/
+ ln -s fedora-standard.yaml /usr/share/doc/bootc-base-imagectl/manifests/default.yaml
+ cp -a fedora-includes /usr/share/doc/bootc-base-imagectl/manifests
+ rm -vf /usr/share/doc/bootc-base-imagectl/manifests/default.yaml /usr/share/doc/bootc-base-imagectl/manifests/fedora-iot.yaml /usr/share/doc/bootc-base-imagectl/manifests/fedora-minimal-plus.yaml /usr/share/doc/bootc-base-imagectl/manifests/fedora-minimal.yaml /usr/share/doc/bootc-base-imagectl/manifests/fedora-standard.yaml /usr/share/doc/bootc-base-imagectl/manifests/iot.yaml /usr/share/doc/bootc-base-imagectl/manifests/minimal-plus.hidden.yaml /usr/share/doc/bootc-base-imagectl/manifests/minimal.yaml /usr/share/doc/bootc-base-imagectl/manifests/standard.yaml
removed '/usr/share/doc/bootc-base-imagectl/manifests/default.yaml'
removed '/usr/share/doc/bootc-base-imagectl/manifests/fedora-iot.yaml'
removed '/usr/share/doc/bootc-base-imagectl/manifests/fedora-minimal-plus.yaml'
removed '/usr/share/doc/bootc-base-imagectl/manifests/fedora-minimal.yaml'
removed '/usr/share/doc/bootc-base-imagectl/manifests/fedora-standard.yaml'
removed '/usr/share/doc/bootc-base-imagectl/manifests/iot.yaml'
removed '/usr/share/doc/bootc-base-imagectl/manifests/minimal-plus.hidden.yaml'
removed '/usr/share/doc/bootc-base-imagectl/manifests/minimal.yaml'
removed '/usr/share/doc/bootc-base-imagectl/manifests/standard.yaml'
+ install -D -m 0664 -t /usr/share/doc/bootc-base-imagectl/manifests minimal.yaml minimal-plus.hidden.yaml standard.yaml edge.hidden.yaml bluefin.yaml
+ cp -a includes /usr/share/doc/bootc-base-imagectl/manifests
+ ln -sf bluefin.yaml /usr/share/doc/bootc-base-imagectl/manifests/default.yaml
+ install -m 0755 -t /usr/libexec fedora-bootc/bootc-base-imagectl
+ /usr/libexec/bootc-base-imagectl list
+ /usr/libexec/bootc-base-imagectl build-rootfs --reinject --manifest=bluefin /target-rootfs
Repository baseos is listed more than once in the configuration
Repository appstream is listed more than once in the configuration
Repository baseos-source is listed more than once in the configuration
Repository appstream-source is listed more than once in the configuration
bwrap: Creating new namespace failed: Operation not permitted
error: bwrap test failed, see <https://github.com/coreos/rpm-ostree/pull/429>: bwrap(true): Child process exited with code 1
error: Executing compose install: ExitStatus(unix_wait_status(256))
Error executing command: Command '['rpm-ostree', 'compose', 'rootfs', '--source-root=/', '/usr/share/doc/bootc-base-imagectl/manifests/bluefin.yaml', '/target-rootfs']' returned non-zero exit status 1.
Error: building at STEP "RUN --mount=type=cache,target=/workdir /src/build.sh": while running runtime: exit status 1
